[debug] [2026-10-10T05:46:11.447Z] ----------------------------------------------------------------------
[debug] [2026-10-10T05:46:11.452Z] Command:       /usr/local/bin/node /usr/local/bin/firebase deploy --only functions
[debug] [2026-10-10T05:46:11.452Z] CLI Version:   15.32.1
[debug] [2026-10-10T05:46:11.452Z] Platform:      darwin
[debug] [2026-10-10T05:46:11.452Z] Node Version:  v24.21.0
[debug] [2026-10-10T05:46:11.452Z] Detected Agent: unknown
[debug] [2026-10-10T05:46:11.452Z] Time:          Sat Oct 10 2026 09:46:11 GMT+0400 (Gulf Standard Time)
[debug] [2026-10-10T05:46:11.452Z] ----------------------------------------------------------------------
[debug] 
[debug] [2026-10-10T05:46:12.032Z] > command requires scopes: ["email","openid","https://www.googleapis.com/auth/cloudplatformprojects.readonly","https://www.googleapis.com/auth/firebase","https://www.googleapis.com/auth/cloud-platform"]
[debug] [2026-10-10T05:46:12.032Z] > authorizing via signed-in user (cmorales.rx@gmail.com)
[debug] [2026-10-10T05:46:12.032Z] [iam] checking project pinlab-f18c8 for permissions ["cloudfunctions.functions.create","cloudfunctions.functions.delete","cloudfunctions.functions.get","cloudfunctions.functions.list","cloudfunctions.functions.update","cloudfunctions.operations.get","firebase.projects.get"]
[debug] [2026-10-10T05:46:12.040Z] Checked if tokens are valid: true, expires at: 1791612760142
[debug] [2026-10-10T05:46:12.040Z] Checked if tokens are valid: true, expires at: 1791612760142
[debug] [2026-10-10T05:46:12.040Z] >>> [apiv2][query] POST https://cloudresourcemanager.googleapis.com/v1/projects/pinlab-f18c8:testIamPermissions [none]
[debug] [2026-10-10T05:46:12.040Z] >>> [apiv2][(partial)header] POST https://cloudresourcemanager.googleapis.com/v1/projects/pinlab-f18c8:testIamPermissions  x-goog-user-project=pinlab-f18c8
[debug] [2026-10-10T05:46:12.040Z] >>> [apiv2][body] POST https://cloudresourcemanager.googleapis.com/v1/projects/pinlab-f18c8:testIamPermissions {"permissions":["cloudfunctions.functions.create","cloudfunctions.functions.delete","cloudfunctions.functions.get","cloudfunctions.functions.list","cloudfunctions.functions.update","cloudfunctions.operations.get","firebase.projects.get"]}
[debug] [2026-10-10T05:46:13.543Z] <<< [apiv2][status] POST https://cloudresourcemanager.googleapis.com/v1/projects/pinlab-f18c8:testIamPermissions 200
[debug] [2026-10-10T05:46:13.543Z] <<< [apiv2][body] POST https://cloudresourcemanager.googleapis.com/v1/projects/pinlab-f18c8:testIamPermissions {"permissions":["cloudfunctions.functions.create","cloudfunctions.functions.delete","cloudfunctions.functions.get","cloudfunctions.functions.list","cloudfunctions.functions.update","cloudfunctions.operations.get","firebase.projects.get"]}
[debug] [2026-10-10T05:46:13.543Z] Checked if tokens are valid: true, expires at: 1791612760142
[debug] [2026-10-10T05:46:13.543Z] Checked if tokens are valid: true, expires at: 1791612760142
[debug] [2026-10-10T05:46:13.543Z] >>> [apiv2][query] POST https://iam.googleapis.com/v1/projects/pinlab-f18c8/serviceAccounts/pinlab-f18c8@appspot.gserviceaccount.com:testIamPermissions [none]
[debug] [2026-10-10T05:46:13.543Z] >>> [apiv2][body] POST https://iam.googleapis.com/v1/projects/pinlab-f18c8/serviceAccounts/pinlab-f18c8@appspot.gserviceaccount.com:testIamPermissions {"permissions":["iam.serviceAccounts.actAs"]}
[debug] [2026-10-10T05:46:14.149Z] <<< [apiv2][status] POST https://iam.googleapis.com/v1/projects/pinlab-f18c8/serviceAccounts/pinlab-f18c8@appspot.gserviceaccount.com:testIamPermissions 200
[debug] [2026-10-10T05:46:14.150Z] <<< [apiv2][body] POST https://iam.googleapis.com/v1/projects/pinlab-f18c8/serviceAccounts/pinlab-f18c8@appspot.gserviceaccount.com:testIamPermissions {"permissions":["iam.serviceAccounts.actAs"]}
[info] 
[info] === Deploying to 'pinlab-f18c8'...
[info] 
[info] i  deploying functions 
[debug] [2026-10-10T05:46:14.153Z] Checked if tokens are valid: true, expires at: 1791612760142
[debug] [2026-10-10T05:46:14.153Z] Checked if tokens are valid: true, expires at: 1791612760142
[debug] [2026-10-10T05:46:14.153Z] >>> [apiv2][query] GET https://cloudresourcemanager.googleapis.com/v1/projects/pinlab-f18c8 [none]
[debug] [2026-10-10T05:46:14.489Z] <<< [apiv2][status] GET https://cloudresourcemanager.googleapis.com/v1/projects/pinlab-f18c8 200
[debug] [2026-10-10T05:46:14.489Z] <<< [apiv2][body] GET https://cloudresourcemanager.googleapis.com/v1/projects/pinlab-f18c8 {"projectNumber":"587931590172","projectId":"pinlab-f18c8","lifecycleState":"ACTIVE","name":"PinLab","labels":{"firebase":"enabled","firebase-core":"disabled"},"createTime":"2026-10-08T11:39:57.215Z","parent":{"type":"organization","id":"357981404019"}}
[info] i  functions: preparing codebase default for deployment 
[info] i  functions: ensuring required API cloudfunctions.googleapis.com is enabled... 
[info] i  functions: ensuring required API cloudbuild.googleapis.com is enabled... 
[info] i  artifactregistry: ensuring required API artifactregistry.googleapis.com is enabled... 
[debug] [2026-10-10T05:46:14.492Z] Checked if tokens are valid: true, expires at: 1791612760142
[debug] [2026-10-10T05:46:14.492Z] Checked if tokens are valid: true, expires at: 1791612760142
[debug] [2026-10-10T05:46:14.492Z] >>> [apiv2][query] GET https://firebase.googleapis.com/v1beta1/projects/pinlab-f18c8/adminSdkConfig [none]
[debug] [2026-10-10T05:46:15.011Z] <<< [apiv2][status] GET https://firebase.googleapis.com/v1beta1/projects/pinlab-f18c8/adminSdkConfig 200
[debug] [2026-10-10T05:46:15.011Z] <<< [apiv2][body] GET https://firebase.googleapis.com/v1beta1/projects/pinlab-f18c8/adminSdkConfig {"projectId":"pinlab-f18c8","storageBucket":"pinlab-f18c8.firebasestorage.app"}
[debug] [2026-10-10T05:46:15.012Z] Checked if tokens are valid: true, expires at: 1791612760142
[debug] [2026-10-10T05:46:15.012Z] Checked if tokens are valid: true, expires at: 1791612760142
[debug] [2026-10-10T05:46:15.012Z] >>> [apiv2][query] GET https://runtimeconfig.googleapis.com/v1beta1/projects/pinlab-f18c8/configs [none]
[debug] [2026-10-10T05:46:15.620Z] <<< [apiv2][status] GET https://runtimeconfig.googleapis.com/v1beta1/projects/pinlab-f18c8/configs 200
[debug] [2026-10-10T05:46:15.621Z] <<< [apiv2][body] GET https://runtimeconfig.googleapis.com/v1beta1/projects/pinlab-f18c8/configs {}
[debug] [2026-10-10T05:46:15.625Z] Validating nodejs source
[warn] ⚠  functions: Couldn't find firebase-functions package in your source code. Have you run 'npm install'? 
[debug] [2026-10-10T05:46:15.626Z] getFunctionsSDKVersion encountered error: Cannot find module 'firebase-functions'
Require stack:
- /usr/local/lib/node_modules/firebase-tools/lib/deploy/functions/runtimes/node/versioning.js
- /usr/local/lib/node_modules/firebase-tools/lib/deploy/functions/runtimes/node/index.js
- /usr/local/lib/node_modules/firebase-tools/lib/deploy/functions/runtimes/index.js
- /usr/local/lib/node_modules/firebase-tools/lib/deploy/functions/prepare.js
- /usr/local/lib/node_modules/firebase-tools/lib/emulator/functionsEmulatorShared.js
- /usr/local/lib/node_modules/firebase-tools/lib/frameworks/index.js
- /usr/local/lib/node_modules/firebase-tools/lib/deploy/hosting/prepare.js
- /usr/local/lib/node_modules/firebase-tools/lib/deploy/hosting/index.js
- /usr/local/lib/node_modules/firebase-tools/lib/deploy/index.js
- /usr/local/lib/node_modules/firebase-tools/lib/checkValidTargetFilters.js
- /usr/local/lib/node_modules/firebase-tools/lib/commands/deploy.js
- /usr/local/lib/node_modules/firebase-tools/lib/commands/index.js
- /usr/local/lib/node_modules/firebase-tools/lib/index.js
- /usr/local/lib/node_modules/firebase-tools/lib/bin/cli.js
- /usr/local/lib/node_modules/firebase-tools/lib/bin/firebase.js {"code":"MODULE_NOT_FOUND","requireStack":["/usr/local/lib/node_modules/firebase-tools/lib/deploy/functions/runtimes/node/versioning.js","/usr/local/lib/node_modules/firebase-tools/lib/deploy/functions/runtimes/node/index.js","/usr/local/lib/node_modules/firebase-tools/lib/deploy/functions/runtimes/index.js","/usr/local/lib/node_modules/firebase-tools/lib/deploy/functions/prepare.js","/usr/local/lib/node_modules/firebase-tools/lib/emulator/functionsEmulatorShared.js","/usr/local/lib/node_modules/firebase-tools/lib/frameworks/index.js","/usr/local/lib/node_modules/firebase-tools/lib/deploy/hosting/prepare.js","/usr/local/lib/node_modules/firebase-tools/lib/deploy/hosting/index.js","/usr/local/lib/node_modules/firebase-tools/lib/deploy/index.js","/usr/local/lib/node_modules/firebase-tools/lib/checkValidTargetFilters.js","/usr/local/lib/node_modules/firebase-tools/lib/commands/deploy.js","/usr/local/lib/node_modules/firebase-tools/lib/commands/index.js","/usr/local/lib/node_modules/firebase-tools/lib/index.js","/usr/local/lib/node_modules/firebase-tools/lib/bin/cli.js","/usr/local/lib/node_modules/firebase-tools/lib/bin/firebase.js"]}
[debug] [2026-10-10T05:46:15.628Z] checkFunctionsSDKVersion encountered error: Invalid Version:  {}
[debug] [2026-10-10T05:46:15.628Z] > [functions] package.json contents: {
  "name": "pinlab-functions",
  "private": true,
  "main": "index.js",
  "engines": {
    "node": "22"
  },
  "dependencies": {
    "firebase-admin": "^13.0.0",
    "firebase-functions": "^6.0.1"
  }
}
[debug] [2026-10-10T05:46:15.628Z] Building nodejs source
[info] i  functions: Loading and analyzing source code for codebase default to determine what to deploy 
[debug] [2026-10-10T05:46:15.629Z] Could not parse firebase-functions version '' into semver.
[debug] [2026-10-10T05:46:15.629Z] Could not find functions.yaml. Must use http discovery
[debug] [2026-10-10T05:46:15.639Z] Error: Cannot find module 'firebase-functions'
Require stack:
- /usr/local/lib/node_modules/firebase-tools/lib/deploy/functions/runtimes/node/index.js
- /usr/local/lib/node_modules/firebase-tools/lib/deploy/functions/runtimes/index.js
- /usr/local/lib/node_modules/firebase-tools/lib/deploy/functions/prepare.js
- /usr/local/lib/node_modules/firebase-tools/lib/emulator/functionsEmulatorShared.js
- /usr/local/lib/node_modules/firebase-tools/lib/frameworks/index.js
- /usr/local/lib/node_modules/firebase-tools/lib/deploy/hosting/prepare.js
- /usr/local/lib/node_modules/firebase-tools/lib/deploy/hosting/index.js
- /usr/local/lib/node_modules/firebase-tools/lib/deploy/index.js
- /usr/local/lib/node_modules/firebase-tools/lib/checkValidTargetFilters.js
- /usr/local/lib/node_modules/firebase-tools/lib/commands/deploy.js
- /usr/local/lib/node_modules/firebase-tools/lib/commands/index.js
- /usr/local/lib/node_modules/firebase-tools/lib/index.js
- /usr/local/lib/node_modules/firebase-tools/lib/bin/cli.js
- /usr/local/lib/node_modules/firebase-tools/lib/bin/firebase.js
    at Module._resolveFilename (node:internal/modules/cjs/loader:1564:15)
    at wrapResolveFilename (node:internal/modules/cjs/loader:1118:27)
    at resolveForCJSWithHooks (node:internal/modules/cjs/loader:1169:12)
    at require.resolve (node:internal/modules/helpers:175:31)
    at Delegate.findFunctionsBinary (/usr/local/lib/node_modules/firebase-tools/lib/deploy/functions/runtimes/node/index.js:98:33)
    at Delegate.spawnFunctionsProcess (/usr/local/lib/node_modules/firebase-tools/lib/deploy/functions/runtimes/node/index.js:128:30)
    at Delegate.serveAdmin (/usr/local/lib/node_modules/firebase-tools/lib/deploy/functions/runtimes/node/index.js:149:35)
    at Delegate.discoverBuild (/usr/local/lib/node_modules/firebase-tools/lib/deploy/functions/runtimes/node/index.js:192:41)
    at process.processTicksAndRejections (node:internal/process/task_queues:104:5)
    at async loadCodebases (/usr/local/lib/node_modules/firebase-tools/lib/deploy/functions/prepare.js:531:33)
[error] 
[error] Error: An unexpected error has occurred.
